2026-07-02T21:33:17+00:00 INFO === Start synchronizacji [DRY RUN] ===
2026-07-02T21:33:18+00:00 INFO Pobrano stronę 1 (100 produktów)
2026-07-02T21:33:18+00:00 INFO [DRY] CREATE simple: Nosze płachtowe Black Front SOFT (SKU=RT-101)
2026-07-02T21:33:18+00:00 INFO [DRY] CREATE simple: Plecak modułowy na zestaw R1 - Black Front GEN2 (SKU=TOR-089)
2026-07-02T21:33:18+00:00 INFO [DRY] CREATE simple: Nosze koszowe (kubełkowe) dwuczęściowe, składane (SKU=TIU-047)
2026-07-02T21:33:18+00:00 INFO [DRY] CREATE simple: Respirator transportowy MicroVENT (SKU=SM-028)
2026-07-02T21:33:18+00:00 INFO [DRY] CREATE simple: Szafka wewnętrzna, metalowa na defibrylator AED z alarmem dźwiękowym ASB1011 (SKU=DEF-214)
2026-07-02T21:33:18+00:00 INFO [DRY] CREATE simple: Szafka wewnętrzna, metalowa na defibrylator AED z alarmem dźwiękowym ASB1010 (SKU=DEF-213)
2026-07-02T21:33:18+00:00 INFO [DRY] CREATE simple: Szafka wewnętrzna, metalowa na defibrylator AED ASB1000 (SKU=DEF-211)
2026-07-02T21:33:18+00:00 INFO [DRY] CREATE simple: Szafka wewnętrzna, metalowa na defibrylator AED ASB1001 (SKU=DEF-212)
2026-07-02T21:33:18+00:00 INFO [DRY] CREATE simple: Defibrylator AED Nihon Kohden Cardiolife AED-3100 (SKU=DEF-171)
2026-07-02T21:33:18+00:00 INFO [DRY] CREATE simple: Opatrunek hydrożelowy Roosin Burncare 5 x 15 cm (SKU=HYD-050)
2026-07-02T21:33:18+00:00 INFO [DRY] CREATE simple: Nożyczki ratownicze Black Front PRO FLUO (SKU=RT-097)
2026-07-02T21:33:18+00:00 INFO [DRY] CREATE simple: Komplet cewników do ssaka COMFY VAC (SKU=SPR-015)
2026-07-02T21:33:18+00:00 INFO [DRY] CREATE simple: Pojemnik do ssaka COMFY VAC (SKU=SPR-014)
2026-07-02T21:33:18+00:00 INFO [DRY] CREATE simple: Opatrunek indywidualny typu izraelskiego z elementem dociskowym 6' (15 cm) (SKU=RT-092)
2026-07-02T21:33:18+00:00 WARNING Pominięto 'Zestaw – fantom dziecka Laerdal Little Junior QCPR + defibrylator szkoleniowy Shenzhen XFT-120C+' – brak SKU.
2026-07-02T21:33:18+00:00 WARNING Pominięto 'Apteczka firmowa TR - wariant rozszerzony' – brak SKU.
2026-07-02T21:33:18+00:00 WARNING Pominięto 'Apteczka firmowa PTR - wariant podstawowy' – brak SKU.
2026-07-02T21:33:18+00:00 WARNING Pominięto 'Saszetka Trauma Responder (TR)' – brak SKU.
2026-07-02T21:33:18+00:00 WARNING Pominięto 'Saszetka Personal Trauma Responder (PTR)' – brak SKU.
2026-07-02T21:33:18+00:00 INFO [DRY] CREATE simple: Elektrody dla dorosłych CPRD do defibrylatora Cardiac Science Powerheart G5 (SKU=DEF-194)
2026-07-02T21:33:18+00:00 INFO [DRY] CREATE simple: Elektrody dla dorosłych do defibrylatora Cardiac Science Powerheart G5 (SKU=DEF-162)
2026-07-02T21:33:18+00:00 INFO [DRY] CREATE simple: Elektrody szkoleniowe (wlepki) do defibrylatora AED Philips HeartStart FRx (SKU=DEF-114)
2026-07-02T21:33:18+00:00 INFO [DRY] CREATE simple: Biustonosz szkoleniowy PRESTAN (SKU=FAN-099)
2026-07-02T21:33:18+00:00 INFO [DRY] CREATE simple: Elektrody SavePads do defibrylatora AED Primedic (SKU=DEF-164)
2026-07-02T21:33:18+00:00 INFO [DRY] CREATE simple: Maseczka chirurgiczna (1 szt.) (SKU=DRO-017)
2026-07-02T21:33:18+00:00 INFO [DRY] CREATE simple: Maseczka chirurgiczna (6 szt.) (SKU=DRO-074)
2026-07-02T21:33:18+00:00 INFO [DRY] CREATE simple: Worek czerwony na odpady medyczne (1 szt.) (SKU=PP-003)
2026-07-02T21:33:18+00:00 INFO [DRY] CREATE simple: Worki na odpady medyczne w rolce - 20 sztuk (SKU=DRO-073)
2026-07-02T21:33:18+00:00 INFO [DRY] CREATE simple: Elektrody dla dorosłych do defibrylatora AED Defibtech Lifeline View AED (SKU=DEF-094)
2026-07-02T21:33:18+00:00 INFO [DRY] CREATE simple: Elektrody dla dzieci do defibrylatora AED Defibtech Lifeline View AED (SKU=DEF-115)
2026-07-02T21:33:18+00:00 INFO [DRY] CREATE simple: Elektrody dla dzieci do defibrylatora Cardiac Science Powerheart G3 (SKU=DEF-137)
2026-07-02T21:33:18+00:00 INFO [DRY] CREATE simple: Elektrody dla dzieci do defibrylatora Cardiac Science Powerheart G5 (SKU=DEF-195)
2026-07-02T21:33:18+00:00 INFO [DRY] CREATE simple: Elektrody dla dorosłych do defibrylatora Cardiac Science Powerheart G3 (SKU=DEF-121)
2026-07-02T21:33:18+00:00 INFO [DRY] CREATE simple: Defibrylator AED Philips Heartstart FRx w walizce ochronnej PANARO (SKU=DEF-198)
2026-07-02T21:33:18+00:00 INFO [DRY] CREATE simple: Fantom osoby dorosłej z taśmami LED Brayden (biały) (SKU=FAN-116)
2026-07-02T21:33:18+00:00 INFO [DRY] CREATE simple: Zestaw - fantom osoby dorosłej z aplikacją Prestan 2000 + defibrylator szkoleniowy XFT-120C+ (SKU=DEF-185)
2026-07-02T21:33:18+00:00 INFO [DRY] CREATE simple: Zestaw – fantom osoby dorosłej z taśmami LED Brayden (biały) + defibrylator szkoleniowy XFT-120C+ (SKU=FAN-115)
2026-07-02T21:33:18+00:00 INFO [DRY] CREATE simple: Zestaw – fantom osoby dorosłej z taśmami LED Brayden (czerwony) + defibrylator szkoleniowy XFT-120C+ (SKU=FAN-067)
2026-07-02T21:33:18+00:00 INFO [DRY] CREATE simple: Płyn do dezynfekcji ran, błon śluzowych i skóry Neocide 50 ml (SKU=DEZ-063)
2026-07-02T21:33:18+00:00 INFO [DRY] CREATE simple: Opatrunek hydrożelowy Roosin Burncare 30 x 30 cm (SKU=HYD-041)
2026-07-02T21:33:18+00:00 INFO [DRY] CREATE simple: Butla tlenowa stalowa 2 litry (SKU=TLE-060)
2026-07-02T21:33:18+00:00 WARNING Pominięto 'Apteczka turystyczna TR - wariant rozszerzony' – brak SKU.
2026-07-02T21:33:18+00:00 WARNING Pominięto 'Apteczka turystyczna PTR - wariant podstawowy' – brak SKU.
2026-07-02T21:33:18+00:00 WARNING Pominięto 'Apteczka domowa TR - wariant rozszerzony' – brak SKU.
2026-07-02T21:33:18+00:00 WARNING Pominięto 'Apteczka domowa PTR - wariant podstawowy' – brak SKU.
2026-07-02T21:33:18+00:00 WARNING Pominięto 'Apteczka samochodowa TR – wariant rozszerzony' – brak SKU.
2026-07-02T21:33:18+00:00 WARNING Pominięto 'Apteczka samochodowa PTR – wariant podstawowy' – brak SKU.
2026-07-02T21:33:18+00:00 WARNING Pominięto 'Apteczka strzelecka TR - wariant rozszerzony' – brak SKU.
2026-07-02T21:33:18+00:00 WARNING Pominięto 'Apteczka strzelecka PTR – wariant podstawowy' – brak SKU.
2026-07-02T21:33:18+00:00 INFO [DRY] CREATE simple: Butla tlenowa aluminiowa 2,7 litra (SKU=TLE-077)
2026-07-02T21:33:18+00:00 INFO [DRY] CREATE simple: Zestaw wymienny CHARGE-PAK + para elektrod do LIFEPAK CR Plus (SKU=DEF-035)
2026-07-02T21:33:18+00:00 INFO [DRY] CREATE simple: Zestaw wymienny CHARGE-PAK + 2 pary elektrod do LIFEPAK CR Plus (SKU=DEF-136)
2026-07-02T21:33:18+00:00 WARNING Pominięto 'Zaawansowany fantom osoby dorosłej Laerdal Resusci Anne QCPR - cała postać' – brak SKU.
2026-07-02T21:33:18+00:00 WARNING Pominięto 'Igła doszpikowa EZ-IO' – brak SKU.
2026-07-02T21:33:18+00:00 INFO [DRY] CREATE simple: Komplet opasek TRIAGE (4 kolory) (SKU=TRI-006)
2026-07-02T21:33:18+00:00 INFO [DRY] CREATE simple: Stetoskop Rappaport GESS (SKU=AM-024)
2026-07-02T21:33:18+00:00 INFO [DRY] CREATE simple: Lubrykant OptiLube w saszetce, sterylny żel, 5 g (SKU=DRO-021)
2026-07-02T21:33:18+00:00 INFO [DRY] CREATE simple: Kapnograf przenośny UT100C z pulsoksymetrem (monitor funkcji życiowych) (SKU=SM-017)
2026-07-02T21:33:18+00:00 INFO [DRY] CREATE simple: Dren, przewód tlenowy 10 m (SKU=TLE-026)
2026-07-02T21:33:18+00:00 INFO [DRY] CREATE simple: Dren, przewód tlenowy 2,1 m (SKU=TLE-024)
2026-07-02T21:33:18+00:00 INFO [DRY] CREATE simple: Dren, przewód tlenowy 4 m (SKU=TLE-044)
2026-07-02T21:33:18+00:00 INFO [DRY] CREATE simple: Bateria wspomagająca 9V do defibrylatora AED Defibtech Lifeline AED (SKU=DEF-071)
2026-07-02T21:33:18+00:00 INFO [DRY] CREATE simple: Ciśnieniomierz manualny ze stetoskopem GESS STANDARD (SKU=AM-025)
2026-07-02T21:33:18+00:00 INFO [DRY] CREATE simple: Butla tlenowa stalowa 5 litrów (SKU=TLE-001)
2026-07-02T21:33:18+00:00 INFO [DRY] CREATE simple: Butla tlenowa stalowa 10 litrów (SKU=TLE-003)
2026-07-02T21:33:18+00:00 INFO [DRY] CREATE simple: Butla tlenowa stalowa 2,7 litra (SKU=TLE-008)
2026-07-02T21:33:18+00:00 INFO [DRY] CREATE simple: Płyn do dezynfekcji ran, błon śluzowych i skóry Neocide 250 ml (SKU=DEZ-044)
2026-07-02T21:33:18+00:00 INFO [DRY] CREATE simple: Respirator pneumatyczny transportowy 6000E (SKU=SM-015)
2026-07-02T21:33:18+00:00 WARNING Pominięto 'Rurka nosowo-gardłowa' – brak SKU.
2026-07-02T21:33:18+00:00 WARNING Pominięto 'PLEURACAN A - zestaw do drenażu opłucnej i odbarczania odmy' – brak SKU.
2026-07-02T21:33:18+00:00 INFO [DRY] CREATE simple: Fantom dziecka z diodami LED Prestan Child (SKU=FAN-000)
2026-07-02T21:33:18+00:00 INFO [DRY] CREATE simple: Koc termoizolacyjny 3 warstwowy CVN Arctic Halti (SKU=RT-090)
2026-07-02T21:33:18+00:00 INFO [DRY] CREATE simple: Sól fizjologiczna 0.9% NaCl 500 ml (SKU=DEZ-038)
2026-07-02T21:33:18+00:00 INFO [DRY] CREATE simple: Nożyczki ratownicze XSHEAR Heavy Duty Trauma Shears - COYOTE BROWN (SKU=RT-087)
2026-07-02T21:33:18+00:00 INFO [DRY] CREATE simple: Wideolaryngoskop UltraVision AVL 2 (SKU=AM-037)
2026-07-02T21:33:18+00:00 INFO [DRY] CREATE simple: Opatrunek hydrożelowy na twarz Roosin Burncare 30 x 40 cm (SKU=HYD-036)
2026-07-02T21:33:18+00:00 INFO [DRY] CREATE simple: Elektrody SavePads PreConnect do defibrylatora AED Primedic (SKU=DEF-036)
2026-07-02T21:33:18+00:00 INFO [DRY] CREATE simple: Butla tlenowa stalowa 8 litrów (SKU=TLE-055)
2026-07-02T21:33:18+00:00 WARNING Pominięto 'Zestaw pierwszej pomocy dla Straży Leśnej' – brak SKU.
2026-07-02T21:33:18+00:00 INFO [DRY] CREATE simple: Gaza taktyczna skompresowana, wypełniająca (SKU=RT-007)
2026-07-02T21:33:18+00:00 INFO [DRY] CREATE simple: Nożyczki ratownicze XSHEAR Heavy Duty Trauma Shears - ORANGE (SKU=RT-077)
2026-07-02T21:33:18+00:00 INFO [DRY] CREATE simple: Pulsoksymetr napalcowy CONTEC CMS50-Pro (SKU=SPR-021)
2026-07-02T21:33:18+00:00 INFO [DRY] CREATE simple: Zestaw szyn SPLINT w etui | 4 sztuki (SKU=TIU-045)
2026-07-02T21:33:18+00:00 INFO [DRY] CREATE simple: Opatrunek hydrożelowy Roosin Burncare 40 × 60 cm (SKU=HYD-039)
2026-07-02T21:33:18+00:00 INFO [DRY] CREATE simple: Żel na oparzenia Roosin Burncare 120 ml (SKU=HYD-037)
2026-07-02T21:33:18+00:00 INFO [DRY] CREATE simple: Zestaw opatrunków hydrożelowych Roosin Burncare dla PSP (SKU=HYD-040)
2026-07-02T21:33:18+00:00 INFO [DRY] CREATE simple: Opatrunek hydrożelowy Roosin Burncare 20 x 45 cm (SKU=HYD-035)
2026-07-02T21:33:18+00:00 INFO [DRY] CREATE simple: Opatrunek hydrożelowy Roosin Burncare 20 x 20 cm (SKU=HYD-038)
2026-07-02T21:33:18+00:00 INFO [DRY] CREATE simple: Opatrunek hydrożelowy Roosin Burncare 10 x 10 cm (SKU=HYD-034)
2026-07-02T21:33:18+00:00 INFO [DRY] CREATE simple: Nożyczki ratownicze Black Front Standard (SKU=RT-059)
2026-07-02T21:33:18+00:00 INFO [DRY] CREATE simple: Respirator transportowy AII6000M (SKU=SM-013)
2026-07-02T21:33:18+00:00 WARNING Pominięto 'Wąsy tlenowe 2,1 m' – brak SKU.
2026-07-02T21:33:19+00:00 INFO Pobrano stronę 2 (100 produktów)
2026-07-02T21:33:19+00:00 INFO [DRY] CREATE simple: Laryngoskop jednorazowy z metalowymi łyżkami Macintosh (4 rozmiary) (SKU=DRO-027)
2026-07-02T21:33:19+00:00 INFO [DRY] CREATE simple: Apteczka samochodowa (SKU=AP-020)
2026-07-02T21:33:19+00:00 INFO [DRY] CREATE simple: Laryngoskop wielorazowy z metalowymi łyżkami Macintosh (3 rozmiary) (SKU=DRO-012)
2026-07-02T21:33:19+00:00 WARNING Pominięto 'Strzykawka (2, 5, 10, 20 ml)' – brak SKU.
2026-07-02T21:33:19+00:00 INFO [DRY] CREATE simple: Szyna unieruchamiająca SPLINT 11x91 cm (SKU=TIU-041)
2026-07-02T21:33:19+00:00 INFO [DRY] CREATE simple: Zestaw 8 rurek ustno-gardłowych Guedela w pudełku (SKU=INT-040)
2026-07-02T21:33:19+00:00 INFO [DRY] CREATE simple: Reduktor tlenowy z króćem i złączem AGA (SKU=TLE-009)
2026-07-02T21:33:19+00:00 INFO [DRY] CREATE simple: Defibrylator AED Philips HS1 w torbie SLIM (SKU=DEF-130)
2026-07-02T21:33:19+00:00 INFO [DRY] CREATE simple: Modułowa torba ratownicza na zestaw R1, BF-XL-M (PLAN) (SKU=TOR-027)
2026-07-02T21:33:19+00:00 INFO [DRY] CREATE simple: Modułowy plecak ratowniczy na zestaw R1, BF-XL-M (PLAN) (SKU=TOR-028)
2026-07-02T21:33:19+00:00 INFO [DRY] CREATE simple: Walizkowy zestaw ratowniczy RESCUEbox - RATOWNIK WODNY (SKU=RBOX-W)
2026-07-02T21:33:19+00:00 INFO [DRY] CREATE simple: Torba apteczkowa mini BF-S (SKU=TOR-016)
2026-07-02T21:33:19+00:00 INFO [DRY] CREATE simple: Ampularium na 49 ampułek (SKU=TOR-014)
2026-07-02T21:33:19+00:00 INFO [DRY] CREATE simple: Kapsuła wewnętrzna Rotaid Plus z alarmem dźwiękowym (SKU=DEF-092)
2026-07-02T21:33:19+00:00 INFO [DRY] CREATE simple: Walizkowy zestaw ratowniczy RESCUEbox - RATOWNIK DROGOWY (SKU=RBOX-D)
2026-07-02T21:33:19+00:00 INFO [DRY] CREATE simple: Walizkowy zestaw ratowniczy RESCUEbox - PRZEMYSŁ (SKU=RBOX-PR)
2026-07-02T21:33:19+00:00 INFO [DRY] CREATE simple: Opatrunek hydrożelowy BurnTec 12 x 12 cm (SKU=HYD-027)
2026-07-02T21:33:19+00:00 INFO [DRY] CREATE simple: Opatrunek hydrożelowy BurnTec 6 x 12 cm (SKU=HYD-023)
2026-07-02T21:33:19+00:00 INFO [DRY] CREATE simple: Opatrunek hemostatyczny SIDA CEL - kompres 7,5 x 10 cm (SKU=RT-067)
2026-07-02T21:33:19+00:00 INFO [DRY] CREATE simple: Opatrunek hemostatyczny SIDA CEL - kompres 10 x 20 cm (SKU=RT-066)
2026-07-02T21:33:19+00:00 INFO [DRY] CREATE simple: Opaska uciskowa, staza taktyczna SOFTT-W, 5 generacji, niebieska (SKU=RT-047)
2026-07-02T21:33:19+00:00 INFO [DRY] CREATE simple: Opaska uciskowa, staza taktyczna SOFTT-W, 5 generacji, czarna (SKU=RT-049)
2026-07-02T21:33:19+00:00 INFO [DRY] CREATE simple: Igła do odbarczania odmy Angiocatch (SKU=RT-024)
2026-07-02T21:33:19+00:00 INFO [DRY] CREATE simple: Opatrunek indywidualny typu izraelskiego z elementem dociskowym (SKU=RT-052)
2026-07-02T21:33:19+00:00 INFO [DRY] CREATE simple: Zestaw - fantom osoby dorosłej AmbuMan SAM + defibrylator szkoleniowy XFT-120C+ (SKU=FAN-076)
2026-07-02T21:33:19+00:00 INFO [DRY] CREATE simple: SkillGuide - panel kontrolny do fantomów Laerdal Resusci QCPR (SKU=FAN-078)
2026-07-02T21:33:19+00:00 WARNING Pominięto 'Zaawansowany fantom osoby dorosłej Laerdal Resusci Anne QCPR - tors' – brak SKU.
2026-07-02T21:33:19+00:00 INFO [DRY] CREATE simple: Zestaw szkoleniowy do defibrylatora AED Philips HeartStart HS1 - mata i elektrody (SKU=DEF-120)
2026-07-02T21:33:19+00:00 INFO [DRY] CREATE simple: Bateria do defibrylatora AED Cardiac Science Powerheart G5 (SKU=DEF-133)
2026-07-02T21:33:19+00:00 INFO [DRY] CREATE simple: Bateria do defibrylatora AED Defibtech Lifeline View (SKU=DEF-134)
2026-07-02T21:33:19+00:00 INFO [DRY] CREATE simple: Bateria 5-letnia do defibrylatora AED Defibtech Lifeline AED (SKU=DEF-054)
2026-07-02T21:33:19+00:00 INFO [DRY] CREATE simple: Bateria do defibrylatora AED Cardiac Science Powerheart G3 Pro (SKU=DEF-144)
2026-07-02T21:33:19+00:00 INFO [DRY] CREATE simple: Zestaw ratowniczy OSP R1 (BOX) (SKU=ZEST-006-OSP)
2026-07-02T21:33:19+00:00 INFO [DRY] CREATE simple: Zestaw ratowniczy PSP R0 (BOX) (SKU=ZEST-004-PSP)
2026-07-02T21:33:19+00:00 INFO [DRY] CREATE simple: Kamizelka do nauki postępowania z zadławieniem ACT FAST (pediatryczna) (SKU=FAN-084)
2026-07-02T21:33:19+00:00 INFO [DRY] CREATE simple: Kabura taktyczna pod nożyczki XSHEAR Heavy Duty - wersja twarda (SKU=RT-078)
2026-07-02T21:33:19+00:00 INFO [DRY] CREATE simple: Worki na odpady medyczne w rolce - 50 sztuk (SKU=DRO-013)
2026-07-02T21:33:19+00:00 INFO [DRY] CREATE simple: Elektrody Philips HS1 do defibrylatora - pediatryczne (SKU=DEF-050)
2026-07-02T21:33:19+00:00 INFO [DRY] CREATE simple: Elektrody dla dorosłych do defibrylatora AED Philips HeartStart HS1 (SKU=DEF-005)
2026-07-02T21:33:19+00:00 INFO [DRY] CREATE simple: Pęseta jednorazowa, plastikowa (SKU=WG-028)
2026-07-02T21:33:19+00:00 INFO [DRY] CREATE simple: Fantom osoby dorosłej z aplikacją Prestan 2000 (SKU=FAN-093)
2026-07-02T21:33:19+00:00 INFO [DRY] CREATE simple: Bateria do defibrylatorów AED Primedic - 6 letnia (SKU=DEF-128)
2026-07-02T21:33:19+00:00 INFO [DRY] CREATE simple: Bateria do defibrylatora AED Primedic HeartSave PAD - 3 letnia (SKU=DEF-132)
2026-07-02T21:33:19+00:00 INFO [DRY] CREATE simple: Apteczka K-10 (DIN 13157) (SKU=AP-003)
2026-07-02T21:33:19+00:00 INFO [DRY] CREATE simple: Apteczka K-10 (DIN 13164) (SKU=AP-004)
2026-07-02T21:33:19+00:00 INFO [DRY] CREATE simple: Ciśnieniomierz elektroniczny z zasilaczem sieciowym GESS ElLITE (SKU=AM-026)
2026-07-02T21:33:19+00:00 INFO [DRY] CREATE simple: Zestaw przeciwwstrząsowy w torbie (SKU=ZEST-003-ZOZ)
2026-07-02T21:33:19+00:00 INFO [DRY] CREATE simple: Kleszczyki Magilla 24 cm (SKU=WG-036)
2026-07-02T21:33:19+00:00 INFO [DRY] CREATE simple: Opatrunek jałowy 10x10 cm z wkładem chłonnym (SKU=MAT-093)
2026-07-02T21:33:19+00:00 INFO [DRY] CREATE simple: Maseczka ochronna FFP2 (SKU=DRO-038)
2026-07-02T21:33:19+00:00 INFO [DRY] CREATE simple: Burn Care 120 ml - opatrunek hydrożelowy w płynie (SKU=HYD-032)
2026-07-02T21:33:19+00:00 INFO [DRY] CREATE simple: Koc bakteriostatyczny do karetki 120 x 200 cm (SKU=DRO-023)
2026-07-02T21:33:19+00:00 INFO [DRY] CREATE simple: Sól fizjologiczna NaCl 0.9%, 10 ml w strzykawkach (SKU=DEZ-075)
2026-07-02T21:33:19+00:00 INFO [DRY] CREATE simple: Defibrylator szkoleniowy XFT 120G z opaską CPR (SKU=DEF-146)
2026-07-02T21:33:19+00:00 INFO [DRY] CREATE simple: Wideolaryngoskop UltraVision AVL1 (SKU=AM-032)
2026-07-02T21:33:19+00:00 WARNING Pominięto 'Nożyczki ratownicze Black Front PRO' – brak SKU.
2026-07-02T21:33:19+00:00 INFO [DRY] CREATE simple: Nożyczki ratownicze XSHEAR Heavy Duty Trauma Shears - BLACK (SKU=RT-076)
2026-07-02T21:33:19+00:00 INFO [DRY] CREATE simple: Zestaw - fantom osoby dorosłej z diodami LED Prestan Adult + defibrylator XFT 120C+ (SKU=FAN-048)
2026-07-02T21:33:19+00:00 INFO [DRY] CREATE simple: Zestaw ratownika medycznego KSRG w plecaku (SKU=ZEST-005-PSP)
2026-07-02T21:33:19+00:00 INFO [DRY] CREATE simple: Opatrunek wentylowy Black Front Chest Seal Vented (SKU=RT-071)
2026-07-02T21:33:19+00:00 INFO [DRY] CREATE simple: Rezerwuar do worka samorozprężalnego 2000 ml (SKU=TLE-040)
2026-07-02T21:33:19+00:00 INFO [DRY] CREATE simple: Igła doszpikowa BIG wersja szkoleniowa (SKU=RT-069)
2026-07-02T21:33:19+00:00 INFO [DRY] CREATE simple: Zestaw rurek intubacyjnych bez mankietu (2,0mm - 9,0mm) - 15 sztuk (SKU=INT-076)
2026-07-02T21:33:19+00:00 INFO [DRY] CREATE simple: Zestaw rurek intubacyjnych z mankietem (3,0mm - 9,5mm) - 14 sztuk (SKU=INT-075)
2026-07-02T21:33:19+00:00 INFO [DRY] CREATE simple: Prowadnica do rurek intubacyjnych (SKU=INT-068)
2026-07-02T21:33:19+00:00 INFO [DRY] CREATE simple: Stabilizator do rurki intubacyjnej (SKU=INT-077)
2026-07-02T21:33:19+00:00 WARNING Pominięto 'Zestaw do konikopunkcji QUICKTRACH' – brak SKU.
2026-07-02T21:33:19+00:00 INFO [DRY] CREATE simple: Opatrunek do mocowania kaniul (SKU=WG-024)
2026-07-02T21:33:19+00:00 INFO [DRY] CREATE simple: Staza uciskowa jednorazowa (SKU=WG-026)
2026-07-02T21:33:19+00:00 WARNING Pominięto 'Igła doszpikowa BIG' – brak SKU.
2026-07-02T21:33:19+00:00 INFO [DRY] CREATE simple: Bateria do defibrylatora AED Cardiac Science Powerheart G3 (SKU=DEF-122)
2026-07-02T21:33:19+00:00 INFO [DRY] CREATE simple: Fantom niemowlęcia Laerdal Little Baby QCPR (SKU=FAN-032)
2026-07-02T21:33:19+00:00 INFO [DRY] CREATE simple: Walizkowy zestaw ratowniczy RESCUEbox - POSTRZAŁ (SKU=RBOX-PO)
2026-07-02T21:33:19+00:00 INFO [DRY] CREATE simple: Multitool Leatherman Raptor (SKU=DRO-036)
2026-07-02T21:33:19+00:00 INFO [DRY] CREATE simple: Zestaw uzupełniający do PSP R1 wg wytycznych KSRG 2021 (SKU=KSRG21-UZU)
2026-07-02T21:33:19+00:00 INFO [DRY] CREATE simple: Rozdzielacz do tlenoterapii masowej MULTISTAR GCE (SKU=TLE-036)
2026-07-02T21:33:19+00:00 INFO [DRY] CREATE simple: Pulsoksymetr przenośny UT100 (monitor funkcji życiowych) (SKU=SM-016)
2026-07-02T21:33:19+00:00 INFO [DRY] CREATE simple: Opatrunek hemostatyczny SIDA CEL - kompres 5 x 7,5 cm (SKU=RT-064)
2026-07-02T21:33:19+00:00 INFO [DRY] CREATE simple: Uzupełnienie zestawu taktycznego IFAK - BRATERSTWO (SKU=BRAT-2021)
2026-07-02T21:33:19+00:00 INFO [DRY] CREATE simple: Zestaw PSP R1 w torbie (KSRG 06.2021) z szynami kramera i deską ortopedyczną (SKU=KSRG21-TSD)
2026-07-02T21:33:19+00:00 INFO [DRY] CREATE simple: Zestaw PSP R1 w torbie (KSRG 06.2021) z szynami kramera (SKU=KSRG21-TS)
2026-07-02T21:33:19+00:00 INFO [DRY] CREATE simple: Zestaw PSP R1 w torbie (KSRG 06.2021) (SKU=KSRG21-T)
2026-07-02T21:33:19+00:00 INFO [DRY] CREATE simple: Zestaw PSP R1 w plecaku (KSRG 06.2021) z szynami kramera i deską ortopedyczną (SKU=KSRG21-PSD)
2026-07-02T21:33:19+00:00 INFO [DRY] CREATE simple: Zestaw PSP R1 w plecaku (KSRG 06.2021) z szynami kramera (SKU=KSRG21-PS)
2026-07-02T21:33:19+00:00 INFO [DRY] CREATE simple: Zestaw PSP R1 w plecaku (KSRG 06.2021) (SKU=KSRG21-P)
2026-07-02T21:33:19+00:00 INFO [DRY] CREATE simple: Pas do stabilizacji miednicy SAM Pelvic Sling II (SKU=RT-058)
2026-07-02T21:33:19+00:00 INFO [DRY] CREATE simple: Napęd do systemu wkłuć doszpikowych EZ-IO (driver kliniczny) (SKU=RT-060)
2026-07-02T21:33:19+00:00 INFO [DRY] CREATE simple: Opatrunek wentylowy SAM Chest Seal Valved 2.0 (SKU=RT-054)
2026-07-02T21:33:19+00:00 INFO [DRY] CREATE simple: Opatrunek okluzyjny SAM Chest Seal (SKU=RT-055)
2026-07-02T21:33:19+00:00 INFO [DRY] CREATE simple: Opatrunek na wytrzewienia OLAES BLAST BANDAGE (SKU=RT-037)
2026-07-02T21:33:19+00:00 INFO [DRY] CREATE simple: Zestaw uzupełniający do zestawu PSP R1 wg wytycznych z lipca 2013 roku (SKU=UZU-017)
2026-07-02T21:33:19+00:00 INFO [DRY] CREATE simple: Materac próżniowy z pompką (SKU=TIU-035)
2026-07-02T21:33:20+00:00 INFO Pobrano stronę 3 (100 produktów)
2026-07-02T21:33:20+00:00 INFO [DRY] CREATE simple: Plecak reanimacyjny z ampularium (SKU=TOR-023)
2026-07-02T21:33:20+00:00 INFO [DRY] CREATE simple: Medyczny termometr bezdotykowy GESS (SKU=AM-020)
2026-07-02T21:33:20+00:00 INFO [DRY] CREATE simple: Strzykawka do rurek krtaniowych LTS-D 100ml (SKU=INT-053)
2026-07-02T21:33:20+00:00 WARNING Pominięto 'Maseczka ochronna - maska FFP2/KN95 (100 szt)' – brak SKU.
2026-07-02T21:33:20+00:00 INFO [DRY] CREATE simple: Opatrunek hemostatyczny KLOTPAD Z-Fold (SKU=RT-050)
2026-07-02T21:33:20+00:00 INFO [DRY] CREATE simple: Maseczka chirurgiczna, medyczna, BFE &gt;98% | 50 sztuk (SKU=DRO-043)
2026-07-02T21:33:20+00:00 INFO [DRY] CREATE simple: Kapsuła zewnętrzna Rotaid Solid Plus Heat z alarmem dźwiękowym (SKU=DEF-048)
2026-07-02T21:33:20+00:00 INFO [DRY] CREATE simple: Apteczka pierwszej pomocy typu III (SKU=ZPP-C)
2026-07-02T21:33:20+00:00 INFO [DRY] CREATE simple: Apteczka pierwszej pomocy typu II (SKU=ZPP-B)
2026-07-02T21:33:20+00:00 INFO [DRY] CREATE simple: Zestaw ratowniczy POLICJA R0 (zarządzenie nr 55 3.06.2019) (SKU=ZEST-001-POLICJA)
2026-07-02T21:33:20+00:00 INFO [DRY] CREATE simple: Zestaw ratownika wodnego WOPR R1 w plecaku (SKU=ZEST-005-WOPR)
2026-07-02T21:33:20+00:00 INFO [DRY] CREATE simple: Zestaw do reanimacji Black Front (SKU=ZEST-002-ZOZ)
2026-07-02T21:33:20+00:00 INFO [DRY] CREATE simple: Neseser pielęgniarki POZ (SKU=ZEST-001-ZOZ)
2026-07-02T21:33:20+00:00 WARNING Pominięto 'Zestaw ratowniczy POLICJA R0 (podstawowy)' – brak SKU.
2026-07-02T21:33:20+00:00 INFO [DRY] CREATE simple: Zestaw PSP R1 w torbie (KSRG 07.2013) (SKU=ZEST-001-S)
2026-07-02T21:33:20+00:00 INFO [DRY] CREATE simple: Zestaw PSP R1 w plecaku (KSRG 07.2013) (SKU=ZEST-002-S)
2026-07-02T21:33:20+00:00 INFO [DRY] CREATE simple: Zestaw PSP R1 w torbie (KSRG 07.2013) z szynami kramera i deską (SKU=ZEST-009-S)
2026-07-02T21:33:20+00:00 INFO [DRY] CREATE simple: Zestaw PSP R1 w torbie (KSRG 07.2013) z szynami kramera (SKU=ZEST-005-S)
2026-07-02T21:33:20+00:00 INFO [DRY] CREATE simple: Zestaw PSP R1 w plecaku (KSRG 07.2013) z szynami kramera i deską (SKU=ZEST-012-S)
2026-07-02T21:33:20+00:00 INFO [DRY] CREATE simple: Zestaw PSP R1 w plecaku (KSRG 07.2013) z szynami kramera (SKU=ZEST-006-S)
2026-07-02T21:33:20+00:00 INFO [DRY] CREATE simple: Zestaw ratowniczy POLICJA R1 w plecaku (zarządzenie nr 55 3.06.2019, kolor granatowy) (SKU=ZEST-003-POLICJA)
2026-07-02T21:33:20+00:00 INFO [DRY] CREATE simple: Zestaw ratowniczy OSP R1 w plecaku (SKU=ZEST-003-OSP)
2026-07-02T21:33:20+00:00 INFO [DRY] CREATE simple: Zestaw ratowniczy POLICJA R1 w torbie (zarządzenie nr 55 3.06.2019) (SKU=ZEST-002-POLICJA)
2026-07-02T21:33:20+00:00 INFO [DRY] CREATE simple: Zestaw ratowniczy OSP R1 w torbie (SKU=ZEST-002-OSP)
2026-07-02T21:33:20+00:00 INFO [DRY] CREATE simple: Zestaw ratowniczy WOPR R0 (SKU=ZEST-001-WOPR)
2026-07-02T21:33:20+00:00 INFO [DRY] CREATE simple: Zestaw ratowniczy PSP R0 (SKU=ZEST-001-PSP)
2026-07-02T21:33:20+00:00 INFO [DRY] CREATE simple: Zestaw tlenowy (inhalator tlenowy) (SKU=ZEST-002-WOPR)
2026-07-02T21:33:20+00:00 INFO [DRY] CREATE simple: Zestaw ratownika wodnego WOPR R1 w torbie (SKU=ZEST-004-WOPR)
2026-07-02T21:33:20+00:00 INFO [DRY] CREATE simple: Apteczka pierwszej pomocy typu I (SKU=ZPP-A)
2026-07-02T21:33:20+00:00 WARNING Pominięto 'Kamizelka ratunkowa z napisem "STRAŻ" 100 N' – brak SKU.
2026-07-02T21:33:20+00:00 WARNING Pominięto 'Kamizelka asekuracyjna ze światłem, uprzężą i napisem "STRAŻ" 80 N' – brak SKU.
2026-07-02T21:33:20+00:00 WARNING Pominięto 'Kamizelka asekuracyjna z napisem "STRAŻ" 80 N' – brak SKU.
2026-07-02T21:33:20+00:00 INFO [DRY] CREATE simple: Respirator Prisma VENT 30 (SKU=SM-014)
2026-07-02T21:33:20+00:00 INFO [DRY] CREATE simple: Ssak mechaniczny pistoletowy COMFY VAC (SKU=SPR-005)
2026-07-02T21:33:20+00:00 INFO [DRY] CREATE simple: Reduktor tlenowy do pracy z nawilżaczem (SKU=TLE-053)
2026-07-02T21:33:20+00:00 INFO [DRY] CREATE simple: Pianka łagodząca oparzenia Panthenol 5% 150 ml (SKU=HYD-017)
2026-07-02T21:33:20+00:00 INFO [DRY] CREATE simple: Okulary ochronne BHP (SKU=DRO-008)
2026-07-02T21:33:20+00:00 INFO [DRY] CREATE simple: Jednorazowy detektor CO2 Easy Cap II (SKU=TLE-035)
2026-07-02T21:33:20+00:00 INFO [DRY] CREATE simple: Deska ortopedyczna pediatryczna kompletna (SKU=TIU-008)
2026-07-02T21:33:20+00:00 INFO [DRY] CREATE simple: Antykleszcz - przyrząd do usuwania jadu i kleszczy (SKU=DRO-001)
2026-07-02T21:33:20+00:00 INFO [DRY] CREATE simple: Sztuczny lód, zamrażacz Icemix 400ml (SKU=DRO-009)
2026-07-02T21:33:20+00:00 INFO [DRY] CREATE simple: Maska twarzowa CPR typu Pocket Mask (SKU=TLE-027)
2026-07-02T21:33:20+00:00 INFO [DRY] CREATE simple: Deska ortopedyczna Laerdal BaXstrap kompletna (SKU=TIU-017)
2026-07-02T21:33:20+00:00 INFO [DRY] CREATE simple: Zestaw 3 rurek ustno-gardłowych Guedela (1, 3, 5) (SKU=INT-013b)
2026-07-02T21:33:20+00:00 INFO [DRY] CREATE simple: Zestaw 6 rurek ustno-gardłowych Guedela (0-5) (SKU=INT-013)
2026-07-02T21:33:20+00:00 INFO [DRY] CREATE simple: Koc ratunkowy, folia NRC (SKU=DRO-005)
2026-07-02T21:33:20+00:00 INFO [DRY] CREATE simple: Zestaw na amputowane części ciała (SKU=DRO-010)
2026-07-02T21:33:20+00:00 INFO [DRY] CREATE simple: Folia do przykrywania zwłok (SKU=DRO-004)
2026-07-02T21:33:20+00:00 INFO [DRY] CREATE simple: Butla tlenowa stalowa 3 litry (SKU=TLE-002)
2026-07-02T21:33:20+00:00 INFO [DRY] CREATE simple: Opatrunek hydrożelowy BurnTec 10 x 40 cm (SKU=HYD-021)
2026-07-02T21:33:20+00:00 INFO [DRY] CREATE simple: Zestaw rurek krtaniowych LTS-D 3, 4, 5 ze strzykawką (SKU=INT-012)
2026-07-02T21:33:20+00:00 INFO [DRY] CREATE simple: Młotek bezpieczeństwa z nożem do cięcia pasów (SKU=DRO-011)
2026-07-02T21:33:20+00:00 INFO [DRY] CREATE simple: Opatrunek hydrożelowy BurnTec na twarz 30 x 40 cm (SKU=HYD-010)
2026-07-02T21:33:20+00:00 INFO [DRY] CREATE simple: Opatrunek hydrożelowy BurnTec na twarz 25 x 25 cm (SKU=HYD-009)
2026-07-02T21:33:20+00:00 INFO [DRY] CREATE simple: Opatrunek hydrożelowy BurnTec 40 x 60 cm (SKU=HYD-008)
2026-07-02T21:33:20+00:00 INFO [DRY] CREATE simple: Opatrunek hydrożelowy BurnTec 22 x 28 cm (SKU=HYD-007)
2026-07-02T21:33:20+00:00 INFO [DRY] CREATE simple: Opatrunek hydrożelowy BurnTec 20 x 40 cm (SKU=HYD-006)
2026-07-02T21:33:20+00:00 INFO [DRY] CREATE simple: Opatrunek hydrożelowy BurnTec 20 x 20 cm (SKU=HYD-005)
2026-07-02T21:33:20+00:00 INFO [DRY] CREATE simple: Opatrunek hydrożelowy BurnTec 12 x 24 cm (SKU=HYD-004)
2026-07-02T21:33:20+00:00 INFO [DRY] CREATE simple: Opatrunek hydrożelowy BurnTec 10 x 10 cm (SKU=HYD-003)
2026-07-02T21:33:20+00:00 INFO [DRY] CREATE simple: Maseczka M1, ustnik do sztucznego oddychania, RKO (SKU=TLE-018)
2026-07-02T21:33:20+00:00 INFO [DRY] CREATE simple: Zestaw opatrunków hydrożelowych Water Jel dla PSP w torbie (SKU=HYD-015)
2026-07-02T21:33:20+00:00 INFO [DRY] CREATE simple: Zestaw żelowych masek krtaniowych I-GEL 3, 4, 5 (SKU=INT-011)
2026-07-02T21:33:20+00:00 INFO [DRY] CREATE simple: Zestaw masek krtaniowych PVC 3, 4, 5 + strzykawka + 3x lubrykant (SKU=INT-005)
2026-07-02T21:33:20+00:00 INFO [DRY] CREATE simple: Nosze płachtowe z kieszenią na nogi (SKU=TIU-059)
2026-07-02T21:33:20+00:00 INFO [DRY] CREATE simple: Deska ortopedyczna kompletna (SKU=TIU-002)
2026-07-02T21:33:20+00:00 INFO [DRY] CREATE simple: Zestaw 14 szyn Kramera w torbie transportowej (SKU=TIU-028)
2026-07-02T21:33:20+00:00 INFO [DRY] CREATE simple: Żel hydrożelowy na oparzenia Water-Jel 120 ml (SKU=HYD-016)
2026-07-02T21:33:20+00:00 INFO [DRY] CREATE simple: Ssak mechaniczny pistoletowy CRM (SKU=SPR-002)
2026-07-02T21:33:20+00:00 WARNING Pominięto 'Maska krtaniowa I-GEL' – brak SKU.
2026-07-02T21:33:20+00:00 WARNING Pominięto 'Maska krtaniowa PVC' – brak SKU.
2026-07-02T21:33:20+00:00 INFO [DRY] CREATE simple: Komplet pasów mocujących do deski ortopedycznej - 4 sztuki (SKU=TIU-016)
2026-07-02T21:33:20+00:00 INFO [DRY] CREATE simple: Szyna unieruchamiająca SPLINT 11x46 cm (SKU=TIU-024)
2026-07-02T21:33:20+00:00 INFO [DRY] CREATE simple: Kołnierz ortopedyczny Laerdal Stifneck Select dla dorosłych (SKU=TIU-020)
2026-07-02T21:33:20+00:00 INFO [DRY] CREATE simple: Stabilizator klockowy głowy dla dorosłych (SKU=TIU-009)
2026-07-02T21:33:20+00:00 WARNING Pominięto 'Maska anestetyczna PVC' – brak SKU.
2026-07-02T21:33:20+00:00 INFO [DRY] CREATE simple: Filtr przeciwbakteryjny dla dzieci do resuscytatora (SKU=TLE-025)
2026-07-02T21:33:20+00:00 INFO [DRY] CREATE simple: Deska ortopedyczna IRON DUCK 16" kompletna (SKU=TIU-004)
2026-07-02T21:33:20+00:00 WARNING Pominięto 'Maska tlenowa wysokich stężeń z rezerwuarem' – brak SKU.
2026-07-02T21:33:20+00:00 INFO [DRY] CREATE simple: Pokrowiec na deskę ortopedyczną z kieszenią na stabilizator głowy (SKU=TOR-022)
2026-07-02T21:33:20+00:00 INFO [DRY] CREATE simple: Nosze ewakuacyjne rolowane typu SKED (SKU=TIU-058)
2026-07-02T21:33:20+00:00 INFO [DRY] CREATE simple: Nosze koszowe (kubełkowe) nieskładane (SKU=TIU-037)
2026-07-02T21:33:20+00:00 INFO [DRY] CREATE simple: Nosze podbierakowe aluminiowe (SKU=TIU-031)
2026-07-02T21:33:20+00:00 INFO [DRY] CREATE simple: Kamizelka Kendricka (KED) (SKU=TIU-029)
2026-07-02T21:33:20+00:00 INFO [DRY] CREATE simple: Zestaw opatrunków hydrożelowych BurnTec dla PSP (SKU=HYD-001)
2026-07-02T21:33:20+00:00 WARNING Pominięto 'Maska anestetyczna, silikonowa do resuscytatora' – brak SKU.
2026-07-02T21:33:20+00:00 INFO [DRY] CREATE simple: Opatrunek hydrożelowy BurnTec 5 x 5 cm (SKU=HYD-002)
2026-07-02T21:33:20+00:00 INFO [DRY] CREATE simple: Zestaw opatrunków hydrożelowych BurnTec dla PSP w torbie (SKU=HYD-024)
2026-07-02T21:33:20+00:00 INFO [DRY] CREATE simple: Glukometr iXELL (SKU=AM-018)
2026-07-02T21:33:20+00:00 INFO [DRY] CREATE simple: Brelok do kluczy z rękawiczkami i maseczką do RKO (SKU=AP-008)
2026-07-02T21:33:20+00:00 INFO [DRY] CREATE simple: BEATY - innowacyjny czujnik głębokości uciśnięć klatki piersiowej (SKU=DRO-019)
2026-07-02T21:33:20+00:00 WARNING Pominięto 'Rurka krtaniowa LTS-D' – brak SKU.
2026-07-02T21:33:20+00:00 WARNING Pominięto 'Pas mocujący do deski ortopedycznej' – brak SKU.
2026-07-02T21:33:20+00:00 INFO [DRY] CREATE simple: Resuscytator, worek samorozprężalny silikonowy dla dorosłych (SKU=TLE-032)
2026-07-02T21:33:20+00:00 INFO [DRY] CREATE simple: Bandaż, opaska elastyczna uciskowa 4 m x 12 cm (SKU=MAT-010)
2026-07-02T21:33:20+00:00 INFO [DRY] CREATE simple: Bandaż, opaska podtrzymująca dziana 4m x 15cm (SKU=MAT-003)
2026-07-02T21:33:20+00:00 INFO [DRY] CREATE simple: Bandaż, opaska podtrzymująca dziana 4m x 10cm (SKU=MAT-002)
2026-07-02T21:33:20+00:00 WARNING Pominięto 'Rękawiczki winylowe | 100szt' – brak SKU.
2026-07-02T21:33:21+00:00 INFO Pobrano stronę 4 (100 produktów)
2026-07-02T21:33:21+00:00 WARNING Pominięto 'Rękawiczki lateksowe | 100szt' – brak SKU.
2026-07-02T21:33:21+00:00 INFO [DRY] CREATE simple: Kompres z gazy, jałowy 5 x 5 cm (SKU=MAT-017)
2026-07-02T21:33:21+00:00 INFO [DRY] CREATE simple: Bandaż, opaska podtrzymująca dziana 4m x 5cm (SKU=MAT-001)
2026-07-02T21:33:21+00:00 INFO [DRY] CREATE simple: Przylepiec tkaninowy 5m x 1,25cm (SKU=MAT-054)
2026-07-02T21:33:21+00:00 WARNING Pominięto 'Rękawiczki nitrylowe | 100szt' – brak SKU.
2026-07-02T21:33:21+00:00 INFO [DRY] CREATE simple: Kompres z gazy, niejałowy 5 x 5 cm | 100 sztuk (SKU=MAT-014)
2026-07-02T21:33:21+00:00 INFO [DRY] CREATE simple: Sól fizjologiczna 0.9% NaCl 10 ml (SKU=DEZ-001)
2026-07-02T21:33:21+00:00 INFO [DRY] CREATE simple: Bandaż, opaska elastyczna uciskowa 4 m x 8 cm (SKU=MAT-008)
2026-07-02T21:33:21+00:00 INFO [DRY] CREATE simple: Plaster tkaninowy z opatrunkiem 1 m x 6 cm (SKU=MAT-044)
2026-07-02T21:33:21+00:00 INFO [DRY] CREATE simple: Gazik nasączony alkoholem (SKU=DEZ-016)
2026-07-02T21:33:21+00:00 INFO [DRY] CREATE simple: Kodan płyn do dezynfekcji skóry 250 ml (SKU=DEZ-010)
2026-07-02T21:33:21+00:00 INFO [DRY] CREATE simple: Chusta trójkątna bawełniana (SKU=MAT-004)
2026-07-02T21:33:21+00:00 INFO [DRY] CREATE simple: Chusta trójkątna włókninowa (SKU=MAT-064)
2026-07-02T21:33:21+00:00 INFO [DRY] CREATE simple: Płyn do dezynfekcji rąk i skóry AHD 1000, 250 ml (SKU=DEZ-003)
2026-07-02T21:33:21+00:00 INFO [DRY] CREATE simple: Kompres z gazy, jałowy 10 x 10 cm (SKU=MAT-019)
2026-07-02T21:33:21+00:00 INFO [DRY] CREATE simple: Kompres z gazy, jałowy 7,5 x 7,5 cm (SKU=MAT-018)
2026-07-02T21:33:21+00:00 INFO [DRY] CREATE simple: Bandaż, opaska elastyczna uciskowa 4 m x 10 cm (SKU=MAT-009)
2026-07-02T21:33:21+00:00 INFO [DRY] CREATE simple: Tablica kierunkowa AED w prawo - 20 x 20 cm (SKU=DEF-101)
2026-07-02T21:33:21+00:00 INFO [DRY] CREATE simple: Elektrody szkoleniowe do defibrylatora Samaritan Trainer - 10 par (SKU=DEF-065)
2026-07-02T21:33:21+00:00 INFO [DRY] CREATE simple: Elektrody szkoleniowe do defibrylatora Samaritan Trainer - 25 par (SKU=DEF-010)
2026-07-02T21:33:21+00:00 INFO [DRY] CREATE simple: Elektrody szkoleniowe dla dzieci do defibrylatora XFT-120C+ (SKU=DEF-112)
2026-07-02T21:33:21+00:00 INFO [DRY] CREATE simple: Elektrody szkoleniowe (wlepki) dla dzieci do defibrylatora AED Philips HeartStart HS1 (SKU=DEF-123)
2026-07-02T21:33:21+00:00 INFO [DRY] CREATE simple: Elektrody dla dzieci Pedi-Padz II do defibrylatora AED ZOLL AED Plus (SKU=DEF-080)
2026-07-02T21:33:21+00:00 INFO [DRY] CREATE simple: Elektrody dla dzieci do defibrylatora AED iPAD (ME PAD) CU SP1 (SKU=DEF-040)
2026-07-02T21:33:21+00:00 INFO [DRY] CREATE simple: Elektrody dla dzieci do defibrylatora AED LIFEPAK 1000 (SKU=DEF-030)
2026-07-02T21:33:21+00:00 INFO [DRY] CREATE simple: Elektrody dla dzieci do defibrylatora AED Defibtech Lifeline AED (SKU=DEF-020)
2026-07-02T21:33:21+00:00 INFO [DRY] CREATE simple: Opatrunek indywidualny OLAES Modular Bandage 4" (SKU=RT-002)
2026-07-02T21:33:21+00:00 INFO [DRY] CREATE simple: Opatrunek indywidualny izraelski FCP-01 (SKU=RT-003)
2026-07-02T21:33:21+00:00 INFO [DRY] CREATE simple: Opatrunek indywidualny W mały (SKU=RT-017)
2026-07-02T21:33:21+00:00 INFO [DRY] CREATE simple: Opatrunek indywidualny W duży skompresowany (SKU=RT-056)
2026-07-02T21:33:21+00:00 INFO [DRY] CREATE simple: Opatrunek hemostatyczny Celox Gauze Z-FOLD (SKU=RT-010)
2026-07-02T21:33:21+00:00 INFO [DRY] CREATE simple: Opaska uciskowa, staza taktyczna CAT, 7 generacji (SKU=RT-027)
2026-07-02T21:33:21+00:00 INFO [DRY] CREATE simple: Opatrunek indywidualny A pyłoszczelny (SKU=RT-019)
2026-07-02T21:33:21+00:00 INFO [DRY] CREATE simple: Opatrunek hemostatyczny Celox RAPID (SKU=RT-009)
2026-07-02T21:33:21+00:00 INFO [DRY] CREATE simple: Opaska zaciskowa, staza taktyczna SOFTT-W, 5 generacji, pomarańczowa (SKU=RT-012)
2026-07-02T21:33:21+00:00 INFO [DRY] CREATE simple: Opaska uciskowa, staza taktyczna BLACK FRONT (SKU=RT-015)
2026-07-02T21:33:21+00:00 INFO [DRY] CREATE simple: Torba ratownicza BF-M (SKU=TOR-003)
2026-07-02T21:33:21+00:00 INFO [DRY] CREATE simple: Modułowa torba ratownicza BF-L (PLAN) (SKU=TOR-043)
2026-07-02T21:33:21+00:00 INFO [DRY] CREATE simple: Modułowy plecak ratowniczy BF-L (PLAN) (SKU=TOR-055)
2026-07-02T21:33:21+00:00 INFO [DRY] CREATE simple: Plecak ratowniczy BF-XL (CORDURA 1000) (SKU=TOR-005)
2026-07-02T21:33:21+00:00 INFO [DRY] CREATE simple: Zestaw podstawowy triage w torbie (SKU=TRI-003)
2026-07-02T21:33:21+00:00 WARNING Pominięto 'Maseczki ochronne, trójwarstwowe - Opole | HURTOWNIA (100 sztuk)' – brak SKU.
2026-07-02T21:33:21+00:00 WARNING Pominięto 'Maseczki ochronne, jednorazowe, medyczne - certyfikat CIOP | HURTOWNIA Opole (100 sztuk)' – brak SKU.
2026-07-02T21:33:21+00:00 WARNING Pominięto 'Maseczka ochronna - maska FFP3 (10 szt.)' – brak SKU.
2026-07-02T21:33:21+00:00 WARNING Pominięto 'Przyłbica medyczna PREMIUM - POLIWĘGLANOWA osłona twarzy' – brak SKU.
2026-07-02T21:33:21+00:00 INFO [DRY] CREATE simple: Opatrunek wentylowy, zastawkowy HyFin Vent Chest Seal (SKU=RT-026)
2026-07-02T21:33:21+00:00 INFO [DRY] CREATE simple: Resuscytator, worek samorozprężalny PVC dla dorosłych (SKU=TLE-030)
2026-07-02T21:33:21+00:00 INFO [DRY] CREATE simple: Kompres chłodzący, suchy lód w torebce (SKU=MAT-065)
2026-07-02T21:33:21+00:00 WARNING Pominięto 'Rurka ustno-gardłowa Guedela ' – brak SKU.
2026-07-02T21:33:21+00:00 INFO [DRY] CREATE simple: Aparat do płukania oka (SKU=DRO-002)
2026-07-02T21:33:21+00:00 INFO [DRY] CREATE simple: Nożyczki ratownicze ze stopką (SKU=DRO-007)
2026-07-02T21:33:21+00:00 INFO [DRY] CREATE simple: Elastyczna siatka opatrunkowa 1 m x 1 cm (SKU=MAT-020)
2026-07-02T21:33:21+00:00 INFO [DRY] CREATE simple: Gaza opatrunkowa jałowa 1 m² (SKU=MAT-043)
2026-07-02T21:33:21+00:00 INFO [DRY] CREATE simple: Gaza opatrunkowa jałowa ¼ m² (SKU=MAT-041)
2026-07-02T21:33:21+00:00 INFO [DRY] CREATE simple: Gaza opatrunkowa jałowa ½ m² (SKU=MAT-042)
2026-07-02T21:33:21+00:00 INFO [DRY] CREATE simple: Sól fizjologiczna 0.9% NaCl 250 ml (SKU=DEZ-002)
2026-07-02T21:33:21+00:00 INFO [DRY] CREATE simple: Elastyczna siatka opatrunkowa 1 m x 14 cm (SKU=MAT-079)
2026-07-02T21:33:21+00:00 INFO [DRY] CREATE simple: Elastyczna siatka opatrunkowa 1 m x 10 cm (SKU=MAT-094)
2026-07-02T21:33:21+00:00 INFO [DRY] CREATE simple: Elastyczna siatka opatrunkowa 1 m x 8 cm (SKU=MAT-069)
2026-07-02T21:33:21+00:00 INFO [DRY] CREATE simple: Elastyczna siatka opatrunkowa 1 m x 6 cm (SKU=MAT-024)
2026-07-02T21:33:21+00:00 INFO [DRY] CREATE simple: Elastyczna siatka opatrunkowa 1 m x 4 cm (SKU=MAT-023)
2026-07-02T21:33:21+00:00 INFO [DRY] CREATE simple: Elastyczna siatka opatrunkowa 1 m x 3 cm (SKU=MAT-022)
2026-07-02T21:33:21+00:00 INFO [DRY] CREATE simple: Elastyczna siatka opatrunkowa 1 m x 2 cm (SKU=MAT-021)
2026-07-02T21:33:21+00:00 INFO [DRY] CREATE simple: Bandaż, opaska elastyczna uciskowa 4 m x 15 cm (SKU=MAT-078)
2026-07-02T21:33:21+00:00 INFO [DRY] CREATE simple: Plecak ratowniczy BF-M (SKU=TOR-012)
2026-07-02T21:33:21+00:00 INFO [DRY] CREATE simple: Torba ratownicza BF-XL (CORDURA 1000) (SKU=TOR-004)
2026-07-02T21:33:21+00:00 INFO [DRY] CREATE simple: Fantom osoby dorosłej AmbuMan SAM (SKU=FAN-030)
2026-07-02T21:33:21+00:00 INFO [DRY] CREATE simple: Fantom dziecka Laerdal Little Junior QCPR (SKU=FAN-004)
2026-07-02T21:33:21+00:00 INFO [DRY] CREATE simple: Fantom osoby dorosłej Laerdal Little Anne QCPR (SKU=FAN-002)
2026-07-02T21:33:21+00:00 INFO [DRY] CREATE simple: Maseczki/ceratki z filtrem do nauki RKO | rolka 36 szt. (SKU=DRO-006)
2026-07-02T21:33:21+00:00 INFO [DRY] CREATE simple: Zestaw 3 fantomów z diodami LED Prestan Collection (SKU=FAN-010)
2026-07-02T21:33:21+00:00 INFO [DRY] CREATE simple: Zestaw 3 fantomów Laerdal Little Family (2 fantomy QCPR) (SKU=FAN-005)
2026-07-02T21:33:21+00:00 INFO [DRY] CREATE simple: Fantom niemowlęcia z diodami LED Prestan Infant (SKU=FAN-009)
2026-07-02T21:33:21+00:00 INFO [DRY] CREATE simple: Zestaw - fantomy Laerdal Little Family QCPR + defibrylator szkoleniowy Shenzhen XFT-120C+ (SKU=FAN-015)
2026-07-02T21:33:21+00:00 INFO [DRY] CREATE simple: Zestaw 3 fantomów Laerdal Little Family QCPR (SKU=FAN-001)
2026-07-02T21:33:21+00:00 INFO [DRY] CREATE simple: Kamizelka do nauki postępowania z zadławieniem ACT FAST (SKU=FAN-039)
2026-07-02T21:33:21+00:00 INFO [DRY] CREATE simple: Fantom osoby dorosłej Prestan (SKU=FAN-007)
2026-07-02T21:33:21+00:00 INFO [DRY] CREATE simple: Duży zestaw pozoracji ran (SKU=FAN-036)
2026-07-02T21:33:21+00:00 INFO [DRY] CREATE simple: Zestaw - 3 fantomy z diodami LED Prestan + defibrylator szkoleniowy XFT-120C+ (SKU=FAN-016)
2026-07-02T21:33:21+00:00 WARNING Pominięto 'Zaawansowany fantom niemowlęcia Laerdal Resusci Baby QCPR' – brak SKU.
2026-07-02T21:33:21+00:00 WARNING Pominięto 'Zaawansowany fantom dziecka Laerdal Resusci Junior QCPR' – brak SKU.
2026-07-02T21:33:21+00:00 INFO [DRY] CREATE simple: Średni zestaw pozoracji ran (SKU=FAN-038)
2026-07-02T21:33:21+00:00 INFO [DRY] CREATE simple: Podstawowy zestaw pozoracji ran (SKU=FAN-017)
2026-07-02T21:33:21+00:00 INFO [DRY] CREATE simple: Moduł rozszerzający fantom Laerdal Little Anne do wersji QCPR (SKU=FAN-024)
2026-07-02T21:33:21+00:00 INFO [DRY] CREATE simple: SkillGuide - panel kontrolny do fantomów Laerdal Little QCPR (SKU=FAN-026)
2026-07-02T21:33:21+00:00 INFO [DRY] CREATE simple: Fantom osoby dorosłej Laerdal Little Anne QCPR + defibrylator szkoleniowy XFT-120C+ (SKU=FAN-040)
2026-07-02T21:33:21+00:00 INFO [DRY] CREATE simple: Fantom głowy do nauki intubacji Ambu Airway Management Trainer (SKU=FAN-014)
2026-07-02T21:33:21+00:00 INFO [DRY] CREATE simple: Fantom osoby dorosłej z taśmami LED Brayden (czerwony) (SKU=FAN-013)
2026-07-02T21:33:21+00:00 INFO [DRY] CREATE simple: Boja ratownicza SP (SKU=RW-020)
2026-07-02T21:33:21+00:00 INFO [DRY] CREATE simple: Tablica kierunkowa AED w lewo - 20 x 20 cm (SKU=DEF-098)
2026-07-02T21:33:21+00:00 INFO [DRY] CREATE simple: Kapsuła zewnętrzna Rotaid Solid Plus Heat (SKU=DEF-087)
2026-07-02T21:33:21+00:00 INFO [DRY] CREATE simple: Kapsuła wewnętrzna Rotaid Plus (SKU=DEF-091)
2026-07-02T21:33:21+00:00 INFO [DRY] CREATE simple: Elektrody dla dorosłych do defibrylatora AED Defibtech Lifeline AED (SKU=DEF-019)
2026-07-02T21:33:21+00:00 INFO [DRY] CREATE simple: Elektrody dla dorosłych do defibrylatora AED iPAD (ME PAD) CU SP1 (SKU=DEF-027)
2026-07-02T21:33:21+00:00 INFO [DRY] CREATE simple: Elektrody szkoleniowe dla dorosłych do defibrylatora XFT-120C+ (SKU=DEF-038)
2026-07-02T21:33:22+00:00 INFO Pobrano stronę 5 (92 produktów)
2026-07-02T21:33:22+00:00 INFO [DRY] CREATE simple: Elektrody dla dorosłych QUICK-COMBO do defibrylatora AED LIFEPAK 1000 (SKU=DEF-029)
2026-07-02T21:33:22+00:00 INFO [DRY] CREATE simple: Elektrody dla dorosłych Stat-Padz II do defibrylatora AED ZOLL AED Plus (SKU=DEF-079)
2026-07-02T21:33:22+00:00 WARNING Pominięto 'Elektrody szkoleniowe do defibrylatorów Samaritan PAD | 5 par' – brak SKU.
2026-07-02T21:33:22+00:00 INFO [DRY] CREATE simple: Zestaw tablic informacyjnych AED - 7 sztuk (SKU=DEF-109)
2026-07-02T21:33:22+00:00 INFO [DRY] CREATE simple: Zestaw tablic informacyjnych AED - 4 sztuki (SKU=DEF-104)
2026-07-02T21:33:22+00:00 INFO [DRY] CREATE simple: Tablica informacyjna AED - 25 x 25 cm (SKU=DEF-096)
2026-07-02T21:33:22+00:00 INFO [DRY] CREATE simple: Tablica informacyjna AED - obiekt wyposażony 25 x 15 cm (SKU=DEF-108)
2026-07-02T21:33:22+00:00 INFO [DRY] CREATE simple: Tablica informacyjna AED - schemat postępowania 30 x 30 cm (SKU=DEF-103)
2026-07-02T21:33:22+00:00 INFO [DRY] CREATE simple: Szafka zewnętrzna SixCase SC1330 z alarmem dźwiękowym i świetlnym (SKU=DEF-106)
2026-07-02T21:33:22+00:00 INFO [DRY] CREATE simple: Szafka zewnętrzna SmartCase SC1230 z alarmem dźwiękowym (SKU=DEF-105)
2026-07-02T21:33:22+00:00 INFO [DRY] CREATE simple: Symulator rytmów + elektrody szkoleniowe do defibrylatorów AED ZOLL (SKU=DEF-077)
2026-07-02T21:33:22+00:00 INFO [DRY] CREATE simple: Plecak na defibrylator AED Lifeline (SKU=TOR-018)
2026-07-02T21:33:22+00:00 INFO [DRY] CREATE simple: Walizka ochronna IP67 do defibrylatora AED ZOLL AED 3 (SKU=DEF-057)
2026-07-02T21:33:22+00:00 INFO [DRY] CREATE simple: Walizka ochronna IP67 do defibrylatora AED ZOLL AED Plus (SKU=DEF-129)
2026-07-02T21:33:22+00:00 INFO [DRY] CREATE simple: Szafka zewnętrzna AIVIA LED 220 z alarmem dźwiękowym i GSM (SKU=DEF-086)
2026-07-02T21:33:22+00:00 INFO [DRY] CREATE simple: Szafka zewnętrzna AIVIA LED 200 z alarmem dźwiękowym (SKU=DEF-085)
2026-07-02T21:33:22+00:00 WARNING Pominięto 'Elektrody szkoleniowe do defibrylatora AED ME PAD (iPad) CU SP1' – brak SKU.
2026-07-02T21:33:22+00:00 INFO [DRY] CREATE simple: Elektrody szkoleniowe (wlepki) dla dorosłych do defibrylatora AED Philips HeartStart HS1 (SKU=DEF-107)
2026-07-02T21:33:22+00:00 INFO [DRY] CREATE simple: Elektrody uniwersalne CPR Uni-Padz do defibrylatora AED ZOLL AED 3 (SKU=DEF-070)
2026-07-02T21:33:22+00:00 INFO [DRY] CREATE simple: Ładowarka do baterii defibrylatora AED LIFEPAK 1000 (SKU=DEF-110)
2026-07-02T21:33:22+00:00 WARNING Pominięto 'Torba do defibrylatorów AED Samaritan Pad' – brak SKU.
2026-07-02T21:33:22+00:00 INFO [DRY] CREATE simple: Torba do defibrylatora AED ZOLL AED 3 (SKU=DEF-075)
2026-07-02T21:33:22+00:00 INFO [DRY] CREATE simple: Walizka ochronna IP67 do defibrylatora AED Philips HeartStart FRx (SKU=DEF-119)
2026-07-02T21:33:22+00:00 INFO [DRY] CREATE simple: Zestaw szkoleniowy do defibrylatora AED Philips HeartStart FRx - mata i elektrody (SKU=DEF-052)
2026-07-02T21:33:22+00:00 INFO [DRY] CREATE simple: Szafka wewnętrzna, metalowa na defibrylator AED z alarmem dźwiękowym (SKU=DEF-055)
2026-07-02T21:33:22+00:00 INFO [DRY] CREATE simple: Szafka wewnętrzna, metalowa na defibrylator AED (SKU=DEF-043)
2026-07-02T21:33:22+00:00 INFO [DRY] CREATE simple: Elektrody-bateria dla dzieci PEDI-PAK do defibrylatora AED Samaritan PAD (SKU=DEF-008)
2026-07-02T21:33:22+00:00 INFO [DRY] CREATE simple: Klucz pediatryczny do defibrylatora AED Philips HeartStart FRx (SKU=DEF-025)
2026-07-02T21:33:22+00:00 INFO [DRY] CREATE simple: Elektrody-bateria dla dorosłych PAD-PAK do defibrylatora AED Samaritan PAD (SKU=DEF-007)
2026-07-02T21:33:22+00:00 INFO [DRY] CREATE simple: Elektrody do defibrylatora AED Philips HeartStart FRx SmartPads II (SKU=DEF-024)
2026-07-02T21:33:22+00:00 INFO [DRY] CREATE simple: Komplet baterii do defibrylatora AED ZOLL AED Plus (SKU=DEF-012)
2026-07-02T21:33:22+00:00 INFO [DRY] CREATE simple: Defibrylator AED ZOLL AED Plus Stat-Padz II (SKU=DEF-011)
2026-07-02T21:33:22+00:00 INFO [DRY] CREATE simple: Elektrody dla dzieci do defibrylatora AED DefiSign Life (SKU=DEF-016)
2026-07-02T21:33:22+00:00 INFO [DRY] CREATE simple: Elektrody dla dorosłych do defibrylatora AED DefiSign Life (SKU=DEF-015)
2026-07-02T21:33:22+00:00 INFO [DRY] CREATE simple: Defibrylator AED ZOLL AED Plus CPR-D Padz (SKU=DEF-078)
2026-07-02T21:33:23+00:00 INFO [DRY] CREATE variable: Defibrylator szkoleniowy Samaritan Trainer (350P, 360P, 500P) (SKU=DEF-009, wariacji=6)
2026-07-02T21:33:23+00:00 WARNING Pominięto 'Defibrylator szkoleniowy Laerdal AED Trainer 3' – brak SKU.
2026-07-02T21:33:23+00:00 INFO [DRY] CREATE simple: Defibrylator szkoleniowy Laerdal AED Trainer 2 (SKU=DEF-060)
2026-07-02T21:33:23+00:00 INFO [DRY] CREATE simple: Defibrylator szkoleniowy ZOLL AED 3 Trainer (SKU=DEF-095)
2026-07-02T21:33:23+00:00 INFO [DRY] CREATE simple: Defibrylator szkoleniowy ATM-112 (SKU=DEF-063)
2026-07-02T21:33:23+00:00 INFO [DRY] CREATE simple: Defibrylator AED ZOLL AED 3 BLS (SKU=DEF-074)
2026-07-02T21:33:23+00:00 INFO [DRY] CREATE simple: Defibrylator szkoleniowy Defibtech Lifeline AED (SKU=DEF-069)
2026-07-02T21:33:23+00:00 INFO [DRY] CREATE simple: Defibrylator szkoleniowy ZOLL AED Plus Trainer 2 (SKU=DEF-062)
2026-07-02T21:33:23+00:00 INFO [DRY] CREATE simple: Defibrylator szkoleniowy iPAD (ME PAD) CU SP1 (SKU=DEF-042)
2026-07-02T21:33:23+00:00 INFO [DRY] CREATE simple: Elektrody dla dorosłych CPR-D Padz do defibrylatora AED ZOLL AED Plus (SKU=DEF-013)
2026-07-02T21:33:23+00:00 INFO [DRY] CREATE simple: Defibrylator AED Samaritan PAD 500P (SKU=DEF-051)
2026-07-02T21:33:23+00:00 INFO [DRY] CREATE simple: Defibrylator AED Samaritan PAD 360P (SKU=DEF-081)
2026-07-02T21:33:23+00:00 INFO [DRY] CREATE simple: Defibrylator AED ZOLL AED 3 (SKU=DEF-047)
2026-07-02T21:33:23+00:00 INFO [DRY] CREATE simple: Defibrylator szkoleniowy XFT-120C+ z pilotem (5 szt. elektrod) (SKU=DEF-033)
2026-07-02T21:33:23+00:00 INFO [DRY] CREATE simple: Defibrylator szkoleniowy Philips HeartStart HS1 Trainer z pilotem (SKU=DEF-004)
2026-07-02T21:33:23+00:00 INFO [DRY] CREATE simple: Defibrylator AED Samaritan PAD 350P (SKU=DEF-006)
2026-07-02T21:33:23+00:00 INFO [DRY] CREATE simple: Defibrylator AED LIFEPAK 1000 z baterią ładowalną i EKG (SKU=DEF-084)
2026-07-02T21:33:23+00:00 INFO [DRY] CREATE simple: Defibrylator AED LIFEPAK 1000 z baterią ładowalną (SKU=DEF-082)
2026-07-02T21:33:23+00:00 INFO [DRY] CREATE simple: Defibrylator AED LIFEPAK 1000 z EKG (SKU=DEF-083)
2026-07-02T21:33:23+00:00 INFO [DRY] CREATE simple: Defibrylator AED Philips Heartstart FRx w walizce ochronnej PELI (SKU=DEF-049)
2026-07-02T21:33:23+00:00 INFO [DRY] CREATE simple: Defibrylator AED DefiSign Life automatyczny (SKU=DEF-014a)
2026-07-02T21:33:23+00:00 INFO [DRY] CREATE simple: Defibrylator AED iPAD (ME PAD) CU SP1 automatyczny (SKU=DEF-026a)
2026-07-02T21:33:23+00:00 INFO [DRY] CREATE simple: Akumulator szkoleniowy z ładowarką do defibrylatora AED Philips HeartStart FRx/HS1 (SKU=DEF-093)
2026-07-02T21:33:23+00:00 INFO [DRY] CREATE simple: Defibrylator AED LIFEPAK 1000 (SKU=DEF-028)
2026-07-02T21:33:23+00:00 INFO [DRY] CREATE simple: Defibrylator AED DefiSign Life półautomatyczny (SKU=DEF-014)
2026-07-02T21:33:23+00:00 INFO [DRY] CREATE simple: Defibrylator AED Philips Heartstart FRx w torbie (SKU=DEF-023)
2026-07-02T21:33:23+00:00 INFO [DRY] CREATE simple: Bateria do defibrylatora AED iPAD (ME PAD) CU SP1 (SKU=DEF-041)
2026-07-02T21:33:23+00:00 WARNING Pominięto 'Bateria ładowalna do defibrylatora AED LIFEPAK 1000' – brak SKU.
2026-07-02T21:33:23+00:00 INFO [DRY] CREATE simple: Bateria do defibrylatora AED LIFEPAK 1000 (SKU=DEF-113)
2026-07-02T21:33:23+00:00 INFO [DRY] CREATE simple: Bateria do defibrylatora AED ZOLL AED 3 (SKU=DEF-076)
2026-07-02T21:33:23+00:00 INFO [DRY] CREATE simple: Defibrylator AED iPAD (ME PAD) CU SP1 półautomatyczny (SKU=DEF-026)
2026-07-02T21:33:23+00:00 INFO [DRY] CREATE simple: Defibrylator AED Defibtech Lifeline AED z 7-letnią baterią (SKU=DEF-018)
2026-07-02T21:33:23+00:00 INFO [DRY] CREATE simple: Bateria do defibrylatora AED DefiSign Life (SKU=DEF-017)
2026-07-02T21:33:23+00:00 INFO [DRY] CREATE simple: Bateria do defibrylatora AED Philips HeartStart HS1/FRx (SKU=DEF-002)
2026-07-02T21:33:23+00:00 INFO [DRY] CREATE simple: Bateria 7-letnia do defibrylatora AED Defibtech Lifeline AED (SKU=DEF-021)
2026-07-02T21:33:23+00:00 INFO [DRY] CREATE simple: Defibrylator AED Philips HS1 w torbie standard (SKU=DEF-001)
2026-07-02T21:33:23+00:00 WARNING Pominięto 'Rękawiczki nitrylowe | 200szt' – brak SKU.
2026-07-02T21:33:23+00:00 INFO [DRY] CREATE simple: Butla tlenowa aluminiowa 2 litry (SKU=TLE-042)
2026-07-02T21:33:23+00:00 INFO [DRY] CREATE simple: Zestaw rozszerzony triage w torbie (SKU=TRI-004)
2026-07-02T21:33:23+00:00 INFO [DRY] CREATE simple: Fantom osoby dorosłej z diodami LED Prestan Adult (SKU=FAN-008)
2026-07-02T21:33:23+00:00 INFO [DRY] CREATE simple: Opatrunek indywidualny OLAES Modular Bandage 6" (SKU=RT-001)
2026-07-02T21:33:23+00:00 INFO [DRY] CREATE simple: Opatrunek indywidualny izraelski FCP-05 (SKU=RT-005)
2026-07-02T21:33:23+00:00 INFO [DRY] CREATE simple: Opatrunek indywidualny W duży (SKU=RT-018)
2026-07-02T21:33:23+00:00 INFO [DRY] CREATE simple: Szyna unieruchamiająca SPLINT 11x100 cm (SKU=TIU-025)
2026-07-02T21:33:23+00:00 INFO [DRY] CREATE simple: Stabilizator klockowy głowy dla dzieci (SKU=TIU-010)
2026-07-02T21:33:23+00:00 INFO [DRY] CREATE simple: Kołnierz ortopedyczny Laerdal Stifneck Pedi-Select dla dzieci (SKU=TIU-019)
2026-07-02T21:33:23+00:00 INFO [DRY] CREATE simple: Deska ortopedyczna IRON DUCK 18" kompletna (SKU=TIU-006)
2026-07-02T21:33:23+00:00 INFO [DRY] CREATE simple: Resuscytator, worek samorozprężalny silikonowy dla dzieci (SKU=TLE-031)
2026-07-02T21:33:23+00:00 INFO [DRY] CREATE simple: Resuscytator, worek samorozprężalny PVC dla dzieci (SKU=TLE-029)
2026-07-02T21:33:23+00:00 INFO [DRY] CREATE simple: Filtr przeciwbakteryjny dla dorosłych do resuscytatora (SKU=TLE-034)
2026-07-02T21:33:23+00:00 INFO [DRY] CREATE simple: Przylepiec tkaninowy 5m x 5cm (SKU=MAT-056)
2026-07-02T21:33:23+00:00 INFO [DRY] CREATE simple: Przylepiec tkaninowy 5m x 2,5cm (SKU=MAT-055)
2026-07-02T21:33:23+00:00 INFO [DRY] CREATE simple: Plaster tkaninowy z opatrunkiem 1 m x 8 cm (SKU=MAT-045)
2026-07-02T21:33:23+00:00 INFO [DRY] CREATE simple: Kompres z gazy, niejałowy 10 x 10 cm | 100 sztuk (SKU=MAT-016)
2026-07-02T21:33:23+00:00 INFO [DRY] CREATE simple: Kompres z gazy, niejałowy 7,5 x 7,5 cm | 100 sztuk (SKU=MAT-015)
2026-07-02T21:33:23+00:00 INFO [DRY] CREATE simple: Pulsoksymetr napalcowy - CONTEC (SKU=SPR-009)
2026-07-02T21:33:23+00:00 WARNING Pominięto 'Przyłbica ochronna twarzy PREMIUM PRO - profesjonalna przyłbica' – brak SKU.
2026-07-02T21:33:23+00:00 INFO Pobrano 492 produktów, 4 atrybutów globalnych
2026-07-02T21:33:23+00:00 INFO === Koniec: utworzono=416, zaktualizowano=0, pominięto=76, błędy=0 ===
